2026-07-22T16:20:06.169+05:45  INFO 15028 --- [backend] [main] com.cruvs.backend.BackendApplication     : Starting BackendApplication using Java 25.0.3 with PID 15028 (D:\dev\PROJECT\Jinseiroku\backend\target\classes started by sachinkoirala in D:\dev\PROJECT\Jinseiroku\backend)
2026-07-22T16:20:06.173+05:45  INFO 15028 --- [backend] [main] com.cruvs.backend.BackendApplication     : No active profile set, falling back to 1 default profile: "default"
2026-07-22T16:20:06.763+05:45  INFO 15028 --- [backend] [main] .s.d.r.c.RepositoryConfigurationDelegate : Bootstrapping Spring Data JPA repositories in DEFAULT mode.
2026-07-22T16:20:06.817+05:45  INFO 15028 --- [backend] [main] .s.d.r.c.RepositoryConfigurationDelegate : Finished Spring Data repository scanning in 48 ms. Found 11 JPA repository interfaces.
2026-07-22T16:20:07.146+05:45  INFO 15028 --- [backend] [main] o.s.boot.tomcat.TomcatWebServer          : Tomcat initialized with port 9090 (http)
2026-07-22T16:20:07.155+05:45  INFO 15028 --- [backend] [main] o.apache.catalina.core.StandardService   : Starting service [Tomcat]
2026-07-22T16:20:07.156+05:45  INFO 15028 --- [backend] [main] o.apache.catalina.core.StandardEngine    : Starting Servlet engine: [Apache Tomcat/11.0.22]
2026-07-22T16:20:07.207+05:45  INFO 15028 --- [backend] [main] b.w.c.s.WebApplicationContextInitializer : Root WebApplicationContext: initialization completed in 1012 ms
2026-07-22T16:20:07.376+05:45  INFO 15028 --- [backend] [main] com.zaxxer.hikari.HikariDataSource       : HikariPool-1 - Starting...
2026-07-22T16:20:07.501+05:45  INFO 15028 --- [backend] [main] com.zaxxer.hikari.pool.HikariPool        : HikariPool-1 - Added connection org.postgresql.jdbc.PgConnection@7f426ddd
2026-07-22T16:20:07.502+05:45  INFO 15028 --- [backend] [main] com.zaxxer.hikari.HikariDataSource       : HikariPool-1 - Start completed.
2026-07-22T16:20:07.514+05:45  INFO 15028 --- [backend] [main] org.flywaydb.core.FlywayExecutor         : Database: jdbc:postgresql://localhost:5432/life (PostgreSQL 18.4)
2026-07-22T16:20:07.572+05:45  INFO 15028 --- [backend] [main] o.f.core.internal.command.DbValidate     : Successfully validated 10 migrations (execution time 00:00.025s)
2026-07-22T16:20:07.749+05:45  INFO 15028 --- [backend] [main] o.f.core.internal.command.DbMigrate      : Current version of schema "public": 10
2026-07-22T16:20:07.752+05:45  INFO 15028 --- [backend] [main] o.f.core.internal.command.DbMigrate      : Schema "public" is up to date. No migration necessary.
2026-07-22T16:20:07.834+05:45  INFO 15028 --- [backend] [main] org.hibernate.orm.jpa                    : HHH008540: Processing PersistenceUnitInfo [name: default]
2026-07-22T16:20:07.883+05:45  INFO 15028 --- [backend] [main] org.hibernate.orm.core                   : HHH000001: Hibernate ORM core version 7.4.1.Final
2026-07-22T16:20:08.174+05:45  INFO 15028 --- [backend] [main] o.s.o.j.p.SpringPersistenceUnitInfo      : No LoadTimeWeaver setup: ignoring JPA class transformer
2026-07-22T16:20:08.242+05:45  INFO 15028 --- [backend] [main] org.hibernate.orm.connections.pooling    : HHH10001005: Database info:
	Database JDBC URL [jdbc:postgresql://localhost:5432/life]
	Database driver: PostgreSQL JDBC Driver
	Database dialect: PostgreSQLDialect
	Database version: 18.4
	Default catalog/schema: life/public
	Autocommit mode: undefined/unknown
	Isolation level: READ_COMMITTED [default READ_COMMITTED]
	JDBC fetch size: none
	Pool: DataSourceConnectionProvider
	Minimum pool size: undefined/unknown
	Maximum pool size: undefined/unknown
2026-07-22T16:20:08.994+05:45  INFO 15028 --- [backend] [main] org.hibernate.orm.core                   : HHH000489: No JTA platform available (set 'hibernate.transaction.jta.platform' to enable JTA platform integration)
2026-07-22T16:20:09.001+05:45  INFO 15028 --- [backend] [main] j.LocalContainerEntityManagerFactoryBean : Initialized JPA EntityManagerFactory for persistence unit 'default'
2026-07-22T16:20:09.047+05:45  INFO 15028 --- [backend] [main] o.s.d.j.r.query.QueryEnhancerFactories   : Hibernate is in classpath; If applicable, HQL parser will be used.
2026-07-22T16:20:10.082+05:45  WARN 15028 --- [backend] [main] JpaBaseConfiguration$JpaWebConfiguration : spring.jpa.open-in-view is enabled by default. Therefore, database queries may be performed during view rendering. Explicitly configure spring.jpa.open-in-view to disable this warning
2026-07-22T16:20:10.129+05:45  INFO 15028 --- [backend] [main] r$InitializeUserDetailsManagerConfigurer : Global AuthenticationManager configured with UserDetailsService bean with name inMemoryUserDetailsManager
2026-07-22T16:20:10.438+05:45  INFO 15028 --- [backend] [main] o.s.boot.tomcat.TomcatWebServer          : Tomcat started on port 9090 (http) with context path '/'
2026-07-22T16:20:10.445+05:45  INFO 15028 --- [backend] [main] com.cruvs.backend.BackendApplication     : Started BackendApplication in 4.588 seconds (process running for 5.18)
2026-07-22T16:20:10.447+05:45  WARN 15028 --- [backend] [main] o.s.core.events.SpringDocAppInitializer  : SpringDoc /v3/api-docs endpoint is enabled by default. To disable it in production, set the property 'springdoc.api-docs.enabled=false'
2026-07-22T16:20:10.447+05:45  WARN 15028 --- [backend] [main] o.s.core.events.SpringDocAppInitializer  : SpringDoc /swagger-ui.html endpoint is enabled by default. To disable it in production, set the property 'springdoc.swagger-ui.enabled=false'
2026-07-22T16:20:10.520+05:45  INFO 15028 --- [backend] [scheduling-1] c.c.backend.service.ReminderScheduler    : Processing 2 due reminder(s)
2026-07-22T16:20:15.173+05:45  INFO 15028 --- [backend] [scheduling-1] com.cruvs.backend.service.EmailService   : Reminder email sent to sachinkoirala9999@gmail.com — subject: Task Due Soon
2026-07-22T16:20:15.173+05:45  INFO 15028 --- [backend] [scheduling-1] c.c.backend.service.ReminderScheduler    :  Reminder sent to sachinkoirala9999@gmail.com — Task Due Soon
2026-07-22T16:20:19.145+05:45  INFO 15028 --- [backend] [scheduling-1] com.cruvs.backend.service.EmailService   : Reminder email sent to utskayas@gmail.com — subject: Subscription Renewal
2026-07-22T16:20:19.146+05:45  INFO 15028 --- [backend] [scheduling-1] c.c.backend.service.ReminderScheduler    :  Reminder sent to utskayas@gmail.com — Subscription Renewal
2026-07-22T16:20:19.147+05:45  INFO 15028 --- [backend] [scheduling-1] c.c.backend.service.ReminderScheduler    : Reminder processing complete. Sent: 2, Failed: 0
2026-07-22T16:20:57.128+05:45  INFO 15028 --- [backend] [http-nio-9090-exec-1] o.a.c.c.C.[Tomcat].[localhost].[/]       : Initializing Spring DispatcherServlet 'dispatcherServlet'
2026-07-22T16:20:57.128+05:45  INFO 15028 --- [backend] [http-nio-9090-exec-1] o.s.web.servlet.DispatcherServlet        : Initializing Servlet 'dispatcherServlet'
2026-07-22T16:20:57.128+05:45  INFO 15028 --- [backend] [http-nio-9090-exec-1] o.s.web.servlet.DispatcherServlet        : Completed initialization in 0 ms
2026-07-22T16:20:57.255+05:45  WARN 15028 --- [backend] [http-nio-9090-exec-2] com.cruvs.backend.service.AuthService    : Registration failed - email already exists: gupta.14arpit@gmail.com
2026-07-22T16:20:57.255+05:45  WARN 15028 --- [backend] [http-nio-9090-exec-2] c.c.b.exception.GlobalExceptionHandler   : Business rule violation: Email already registered
2026-07-22T16:21:11.173+05:45  WARN 15028 --- [backend] [http-nio-9090-exec-4] com.cruvs.backend.service.AuthService    : Failed login attempt - wrong password for: gupta.14arpit@gmail.com
2026-07-22T16:21:11.173+05:45  WARN 15028 --- [backend] [http-nio-9090-exec-4] c.c.b.exception.GlobalExceptionHandler   : Authentication error: Invalid email or password
2026-07-22T16:21:18.864+05:45  WARN 15028 --- [backend] [http-nio-9090-exec-6] com.cruvs.backend.service.AuthService    : Failed login attempt - wrong password for: gupta.14arpit@gmail.com
2026-07-22T16:21:18.864+05:45  WARN 15028 --- [backend] [http-nio-9090-exec-6] c.c.b.exception.GlobalExceptionHandler   : Authentication error: Invalid email or password
2026-07-22T16:21:22.219+05:45  INFO 15028 --- [backend] [http-nio-9090-exec-7] com.cruvs.backend.service.AuthService    : User logged in: gupta.14arpit@gmail.com
